2026-08-13T07:28:54Z INF Thank you for trying Cloudflare Tunnel. Doing so, without a Cloudflare account, is a quick way to experiment and try it out. However, be aware that these account-less Tunnels have no uptime guarantee, are subject to the Cloudflare Online Services Terms of Use (https://www.cloudflare.com/website-terms/), and Cloudflare reserves the right to investigate your use of Tunnels for violations of such terms. If you intend to use Tunnels in production you should use a pre-created named tunnel by following: https://developers.cloudflare.com/cloudflare-one/connections/connect-apps
2026-08-13T07:28:54Z INF Requesting new quick Tunnel on trycloudflare.com...
2026-08-13T07:29:01Z INF +--------------------------------------------------------------------------------------------+
2026-08-13T07:29:01Z INF |  Your quick Tunnel has been created! Visit it at (it may take some time to be reachable):  |
2026-08-13T07:29:01Z INF |  https://rogers-figure-handles-violin.trycloudflare.com                                    |
2026-08-13T07:29:01Z INF +--------------------------------------------------------------------------------------------+
2026-08-13T07:29:01Z INF Cannot determine default configuration path. No file [config.yml config.yaml] in [~/.cloudflared ~/.cloudflare-warp ~/cloudflare-warp]
2026-08-13T07:29:01Z INF Version 2026.7.3 (Checksum 8635da433b6df8194746e88ed9d2589566c20e38bfc2a80e431a348b7c765841)
2026-08-13T07:29:01Z INF GOOS: windows, GOVersion: go1.26.4, GoArch: amd64
2026-08-13T07:29:01Z INF Settings: map[ha-connections:1 no-autoupdate:true protocol:quic url:http://localhost:3000]
2026-08-13T07:29:01Z INF cloudflared will not automatically update on Windows systems.
2026-08-13T07:29:01Z INF Generated Connector ID: 717352c1-2f85-4565-8d16-368e2163debb
2026-08-13T07:29:01Z INF Initial protocol quic
2026-08-13T07:29:01Z INF ICMP proxy will use 192.168.1.80 as source for IPv4
2026-08-13T07:29:01Z INF ICMP proxy will use 2c0f:6dc0:200:1a00:6d68:19a4:8af5:25bb in zone Wi-Fi as source for IPv6
2026-08-13T07:29:02Z INF cloudflared does not support loading the system root certificate pool on Windows. Please use --origin-ca-pool <PATH> to specify the path to the certificate pool
2026-08-13T07:29:02Z INF Tunnel connection curve preferences: [X25519MLKEM768 CurveID(65074) CurveP256] connIndex=0 event=0 ip=2606:4700:a8::3
2026-08-13T07:29:02Z INF ICMP proxy will use 192.168.1.80 as source for IPv4
2026-08-13T07:29:02Z INF ICMP proxy will use 2c0f:6dc0:200:1a00:6d68:19a4:8af5:25bb in zone Wi-Fi as source for IPv6
2026-08-13T07:29:02Z INF Starting metrics server on 127.0.0.1:20241/metrics
2026-08-13T07:29:03Z INF +-------------------------------------------------------------------------------------+
2026-08-13T07:29:03Z INF |                               CONNECTIVITY PRE-CHECKS                               |
2026-08-13T07:29:03Z INF +-------------------------------------------------------------------------------------+
2026-08-13T07:29:03Z INF |  COMPONENT         TARGET                     STATUS  DETAILS                       |
2026-08-13T07:29:03Z INF |  DNS Resolution    region1.v2.argotunnel.com  PASS    DNS Resolved successfully     |
2026-08-13T07:29:03Z INF |  DNS Resolution    region2.v2.argotunnel.com  PASS    DNS Resolved successfully     |
2026-08-13T07:29:03Z INF |  UDP Connectivity  region1.v2.argotunnel.com  PASS    QUIC connection successful    |
2026-08-13T07:29:03Z INF |  UDP Connectivity  region2.v2.argotunnel.com  PASS    QUIC connection successful    |
2026-08-13T07:29:03Z INF |  TCP Connectivity  region1.v2.argotunnel.com  PASS    HTTP/2 connection successful  |
2026-08-13T07:29:03Z INF |  TCP Connectivity  region2.v2.argotunnel.com  PASS    HTTP/2 connection successful  |
2026-08-13T07:29:03Z INF |  Cloudflare API    api.cloudflare.com:443     PASS    API is reachable              |
2026-08-13T07:29:03Z INF |                                                                                     |
2026-08-13T07:29:03Z INF |  SUMMARY: Environment is healthy. cloudflared will use 'quic' as primary protocol.  |
2026-08-13T07:29:03Z INF +-------------------------------------------------------------------------------------+
2026-08-13T07:29:03Z INF precheck component="DNS Resolution" details="DNS Resolved successfully" run_id=c26aacda-c456-40fc-97ea-ac7eadd5543d status=pass target=region1.v2.argotunnel.com
2026-08-13T07:29:03Z INF precheck component="DNS Resolution" details="DNS Resolved successfully" run_id=c26aacda-c456-40fc-97ea-ac7eadd5543d status=pass target=region2.v2.argotunnel.com
2026-08-13T07:29:03Z INF precheck component="UDP Connectivity" details="QUIC connection successful" run_id=c26aacda-c456-40fc-97ea-ac7eadd5543d status=pass target=region1.v2.argotunnel.com
2026-08-13T07:29:03Z INF precheck component="UDP Connectivity" details="QUIC connection successful" run_id=c26aacda-c456-40fc-97ea-ac7eadd5543d status=pass target=region2.v2.argotunnel.com
2026-08-13T07:29:03Z INF precheck component="TCP Connectivity" details="HTTP/2 connection successful" run_id=c26aacda-c456-40fc-97ea-ac7eadd5543d status=pass target=region1.v2.argotunnel.com
2026-08-13T07:29:03Z INF precheck component="TCP Connectivity" details="HTTP/2 connection successful" run_id=c26aacda-c456-40fc-97ea-ac7eadd5543d status=pass target=region2.v2.argotunnel.com
2026-08-13T07:29:03Z INF precheck component="Cloudflare API" details="API is reachable" run_id=c26aacda-c456-40fc-97ea-ac7eadd5543d status=pass target=api.cloudflare.com:443
2026-08-13T07:29:03Z INF precheck complete hard_fail=false run_id=c26aacda-c456-40fc-97ea-ac7eadd5543d suggested_protocol=quic
2026-08-13T07:29:03Z INF Registered tunnel connection connIndex=0 connection=7f74e833-3815-400a-9fcf-85cf65341085 event=0 ip=2606:4700:a8::3 location=jnb04 protocol=quic
